// Jest Snapshot v1, https://goo.gl/fbAQLP

exports[`Separator component renders correctly 1`] = `
<hr
  className="sample-class"
/>
`;
