// Jest Snapshot v1, https://goo.gl/fbAQLP

exports[`ProductDetailImage component should renders correctly 1`] = `
<div
  className=""
  itemScope={true}
  itemType="http://schema.org/ImageObject"
  title=""
>
  <ReactImageMagnify
    data-locator="pdp_main_image"
    enlargedImageContainerClassName="enlarged-image-wrapper"
    enlargedImageContainerDimensions={
      Object {
        "height": "100%",
        "width": "100%",
      }
    }
    enlargedImagePortalId="portal"
    fadeDurationInMs={300}
    hintComponent={[Function]}
    hintTextMouse="Hover to Zoom"
    hintTextTouch="Long-Touch to Zoom"
    hoverDelayInMs={250}
    hoverOffDelayInMs={150}
    isActivatedOnTouch={false}
    isEnlargedImagePortalEnabledForTouch={false}
    isHintEnabled={false}
    largeImage={
      Object {
        "alt": "",
        "height": 900,
        "src": "",
        "width": 900,
      }
    }
    shouldHideHintAfterFirstActivation={true}
    shouldUsePositiveSpaceLens={false}
    smallImage={
      Object {
        "alt": "",
        "isFluidWidth": true,
        "onLoad": [Function],
        "src": "",
      }
    }
  />
</div>
`;
