// Jest Snapshot v1, https://goo.gl/fbAQLP

exports[`Dropdown component should renders componentDidUpdate  correctly 1`] = `
<Styled(BodyCopy)
  className="sample-class drop_down"
  color="text.primary"
  component="div"
  fontFamily="primary"
  fontSize={12}
  fontWeight="regular"
  letterSpacing="normal"
  lineHeight="normal"
  link={null}
  textAlign="left"
>
  <Styled(BodyCopy)
    className="customSelectTitle"
    color="text.primary"
    component="div"
    fontFamily="secondary"
    fontSize="fs14"
    fontWeight="extrabold"
    letterSpacing="normal"
    lineHeight="normal"
    link={null}
    onClick={[Function]}
    textAlign="center"
  >
    <Styled(BodyCopy)
      className="customSelectArrow down"
      color="text.primary"
      component="div"
      fontFamily="secondary"
      fontSize={12}
      fontWeight="extrabold"
      letterSpacing="normal"
      lineHeight="normal"
      link={null}
      textAlign="left"
    />
  </Styled(BodyCopy)>
</Styled(BodyCopy)>
`;

exports[`Dropdown component should renders componentDidUpdate with option length  correctly 1`] = `
<Styled(BodyCopy)
  className="sample-class drop_down"
  color="text.primary"
  component="div"
  fontFamily="primary"
  fontSize={12}
  fontWeight="regular"
  letterSpacing="normal"
  lineHeight="normal"
  link={null}
  textAlign="left"
>
  <Styled(BodyCopy)
    className="customSelectTitle"
    color="text.primary"
    component="div"
    fontFamily="secondary"
    fontSize="fs14"
    fontWeight="extrabold"
    letterSpacing="normal"
    lineHeight="normal"
    link={null}
    onClick={[Function]}
    textAlign="center"
  >
    <Styled(BodyCopy)
      className="customSelectArrow down"
      color="text.primary"
      component="div"
      fontFamily="secondary"
      fontSize={12}
      fontWeight="extrabold"
      letterSpacing="normal"
      lineHeight="normal"
      link={null}
      textAlign="left"
    />
  </Styled(BodyCopy)>
</Styled(BodyCopy)>
`;

exports[`Dropdown component should renders correctly 1`] = `
<Styled(BodyCopy)
  className="sample-class drop_down"
  color="text.primary"
  component="div"
  fontFamily="primary"
  fontSize={12}
  fontWeight="regular"
  letterSpacing="normal"
  lineHeight="normal"
  link={null}
  textAlign="left"
>
  <Styled(BodyCopy)
    className="customSelectTitle"
    color="text.primary"
    component="div"
    fontFamily="secondary"
    fontSize="fs14"
    fontWeight="extrabold"
    letterSpacing="normal"
    lineHeight="normal"
    link={null}
    onClick={[Function]}
    textAlign="center"
  >
    <Styled(BodyCopy)
      className="customSelectArrow down"
      color="text.primary"
      component="div"
      fontFamily="secondary"
      fontSize={12}
      fontWeight="extrabold"
      letterSpacing="normal"
      lineHeight="normal"
      link={null}
      textAlign="left"
    />
  </Styled(BodyCopy)>
</Styled(BodyCopy)>
`;

exports[`Dropdown component should renders correctly when optional fields are not present 1`] = `
<Styled(BodyCopy)
  className="sample-class drop_down"
  color="text.primary"
  component="div"
  fontFamily="primary"
  fontSize={12}
  fontWeight="regular"
  letterSpacing="normal"
  lineHeight="normal"
  link={null}
  textAlign="left"
>
  <Styled(BodyCopy)
    className="customSelectTitle"
    color="text.primary"
    component="div"
    fontFamily="secondary"
    fontSize="fs14"
    fontWeight="extrabold"
    letterSpacing="normal"
    lineHeight="normal"
    link={null}
    onClick={[Function]}
    textAlign="center"
  >
    <Styled(BodyCopy)
      className="customSelectArrow down"
      color="text.primary"
      component="div"
      fontFamily="secondary"
      fontSize={12}
      fontWeight="extrabold"
      letterSpacing="normal"
      lineHeight="normal"
      link={null}
      textAlign="left"
    />
  </Styled(BodyCopy)>
</Styled(BodyCopy)>
`;
