// Jest Snapshot v1, https://goo.gl/fbAQLP

exports[`SlotE component SlotE component renders correctly 1`] = `
<loading
  error={null}
  isLoading={true}
  pastDelay={false}
  retry={[Function]}
  timedOut={false}
/>
`;
