// Jest Snapshot v1, https://goo.gl/fbAQLP

exports[`Coupon component should renders correctly when Coupon are not present 1`] = `
<div
  className=""
>
  <div
    className="header"
  >
    <Styled(BodyCopy)
      className={null}
      color="text.primary"
      component="p"
      fontFamily="primary"
      fontSize="fs28"
      fontWeight="regular"
      letterSpacing="normal"
      lineHeight="normal"
      textAlign="left"
    />
    <div
      className="EditAnchor"
    >
      <Styled(Anchor)
        anchorVariation="secondary"
        className="couponModal_print_anchortext"
        dataLocator="pickup-pickupContact-edit-anchor"
        fontSize="fs12"
        noLink={true}
        onClick={[Function]}
        underline={true}
      />
    </div>
  </div>
  <Styled(PickUpContactDisplay)
    formData={Object {}}
  />
</div>
`;
