// Jest Snapshot v1, https://goo.gl/fbAQLP

exports[`LoginTopSectionVanilla component should renders correctly 1`] = `
<View
  labels={
    Object {
      "login": Object {},
    }
  }
>
  <Styled(ImageComp)
    alt=""
    height={60}
    host=""
    source={
      Object {
        "testUri": "../../../../core/src/assets/my-place-rewards.png",
      }
    }
    style={
      Object {
        "alignSelf": "center",
        "marginTop": 20,
      }
    }
    url=""
    width={186}
  />
  <Styled(LineComp)
    borderColor={null}
    borderWidth={0.65}
    marginBottom={17}
    marginTop={30}
  />
  <Styled(Text)>
    lbl_login_heading
  </Styled(Text)>
  <Styled(BodyCopy)
    accessibilityText=""
    dataLocator=""
    fontSize="fs12"
    margin={null}
    numberOfLines={null}
    text="lbl_login_subDescription_heading_1"
    textAlign="center"
    textDecoration={null}
  />
  <Styled(BodyCopy)
    accessibilityText=""
    dataLocator=""
    fontSize="fs12"
    margin={null}
    numberOfLines={null}
    text="lbl_login_Description_heading_2"
    textAlign="center"
    textDecoration={null}
  />
  <Styled(View)>
    <Styled(Anchor)
      accessibilityLabel=""
      anchorVariation=""
      class="clickhere"
      colorName={null}
      customStyle={Object {}}
      fontSizeVariation="medium"
      id="forgotPasswordForm"
      locator=""
      margins={null}
      onPress={[Function]}
      text="lbl_login_Description_clickhere"
      underline={true}
      visible={false}
    />
    <Styled(BodyCopy)
      accessibilityText=""
      component="span"
      dataLocator=""
      fontSize="fs12"
      margin={null}
      numberOfLines={null}
      text="lbl_login_Description_heading_3"
      textDecoration={null}
    />
  </Styled(View)>
  <Styled(LineComp)
    borderColor={null}
    borderWidth={0.65}
    marginBottom={0}
    marginTop={25}
  />
</View>
`;
