// Jest Snapshot v1, https://goo.gl/fbAQLP

exports[`Espot component should renders correctly 1`] = `
<View>
  <RichText
    actionHandler={[Function]}
    domStorageEnabled={false}
    injectedJavaScript=""
    isApplyDeviceHeight={false}
    isNativeView={true}
    javaScriptEnabled={false}
    onMessage={[Function]}
    source="<b>test</b>"
    thirdPartyCookiesEnabled={false}
  />
</View>
`;
