// Jest Snapshot v1, https://goo.gl/fbAQLP

exports[`FooterNavLinksList component renders default footer correctly 1`] = `
<Fragment>
  <ul
    className="footer-nav-header1 list"
  >
    <li>
      <Styled(Anchor)
        anchorVariation="primary"
        className="footer-nav-header1"
        data-locator="col_1_link_0"
        fontSizeVariation="large"
        id="giftcard"
        noLink={true}
        onClick={[Function]}
        title="gift card"
        to=""
      />
    </li>
    <li>
      <Styled(Anchor)
        anchorVariation="primary"
        className="footer-nav-header1"
        data-locator="col_1_link_1"
        fontSizeVariation="large"
        id="giftcard"
        noLink={true}
        onClick={[Function]}
        title="gift card"
        to=""
      />
    </li>
    <li>
      <Styled(Anchor)
        anchorVariation="primary"
        className="footer-nav-header1"
        data-locator="col_1_link_2"
        fontSizeVariation="large"
        id="giftcard"
        noLink={true}
        onClick={[Function]}
        title="gift card"
        to=""
      />
    </li>
  </ul>
</Fragment>
`;
