// Jest Snapshot v1, https://goo.gl/fbAQLP

exports[`InitialPropsHOC testcases should render correctly 1`] = `
<InitialProps
  navigation={
    Object {
      "addListener": [MockFunction] {
        "calls": Array [
          Array [
            "didFocus",
            [Function],
          ],
        ],
        "results": Array [
          Object {
            "type": "return",
            "value": undefined,
          },
        ],
      },
    }
  }
/>
`;
