// Jest Snapshot v1, https://goo.gl/fbAQLP

exports[`FooterTopCandidateAVanilla component renders correctly 1`] = `
<Styled(Grid)
  className="footer_top_candidate_a content-wrapper"
>
  <Styled(Row)>
    <Styled(Col)
      className="col-md-half-width"
      colSize={
        Object {
          "large": 4,
          "medium": 4,
          "small": 6,
        }
      }
      ignoreGutter={
        Object {
          "small": true,
        }
      }
    >
      <Styled(BodyCopy)
        className="heading_text email-sign-up"
        color="text.primary"
        component="h2"
        dataLocator="email_promo_text"
        fontFamily="primary"
        fontSize="fs15"
        fontWeight="black"
        letterSpacing="normal"
        lineHeight="normal"
        link={null}
        textAlign="left"
      >
        <TextItems />
      </Styled(BodyCopy)>
      <ReduxForm
        dataLocators={
          Object {
            "checkBox_gym": "check_box_gym_opt_in",
            "checkBox_tcp": "check_box_tcp_opt_in",
            "errorDataLocator": "email_error_message",
            "inputField": "enter_email_text_field",
            "submitButton": "email_submit_btn",
          }
        }
        destroyOnUnmount={true}
        enableReinitialize={false}
        fieldName="signup"
        forceUnregisterOnUnmount={false}
        form="FooterTopEmailSignUpForm"
        getFormState={[Function]}
        initialValues={
          Object {
            "isEmailOptInSecondBrand": false,
            "signup": "",
          }
        }
        keepDirtyOnReinitialize={false}
        labels={
          Object {
            "lbl_SignUp_gymSignUpLabel": "",
            "lbl_SignUp_placeholderText": "",
            "lbl_SignUp_submitButtonLabel": "",
            "lbl_SignUp_tcpSignUpLabel": "",
            "lbl_SignUp_termsTextLabel": "",
            "lbl_SignUp_validationErrorLabel": "",
          }
        }
        onFormSubmit={[Function]}
        openSuccessModal={[Function]}
        persistentSubmitErrors={false}
        pure={true}
        secondFieldName="isEmailOptInSecondBrand"
        shouldAsyncValidate={[Function]}
        shouldError={[Function]}
        shouldValidate={[Function]}
        shouldWarn={[Function]}
        submitAsSideEffect={false}
        subscription={Object {}}
        touchOnBlur={true}
        touchOnChange={false}
        updateUnregisteredFields={false}
        validateForm={[Function]}
      />
      <Styled(BodyCopy)
        className={null}
        color="text.primary"
        component="p"
        fontFamily="secondary"
        fontSize={
          Array [
            "fs9",
            "fs9",
            "fs12",
          ]
        }
        fontWeight="regular"
        letterSpacing="normal"
        lineHeight="normal"
        link={null}
        textAlign="center"
      >
        <Styled(RichText)
          richTextHtml=""
        />
      </Styled(BodyCopy)>
      <div>
        <div
          className="divider hide-in-medium-up"
        />
      </div>
    </Styled(Col)>
    <Styled(Col)
      className="col-md-half-width"
      colSize={
        Object {
          "large": 4,
          "medium": 4,
          "small": 6,
        }
      }
      ignoreGutter={
        Object {
          "small": true,
        }
      }
    >
      <Styled(BodyCopy)
        className="heading_text sms_sign_up"
        color="text.primary"
        component="h2"
        dataLocator="sms_promo_text"
        fontFamily="primary"
        fontSize="fs15"
        fontWeight="black"
        letterSpacing="normal"
        lineHeight="normal"
        link={null}
        textAlign="left"
      >
        <TextItems />
      </Styled(BodyCopy)>
      <ReduxForm
        dataLocators={
          Object {
            "checkBox_gym": "sms_gym_opt_in",
            "checkBox_tcp": "sms_tcp_opt_in",
            "errorDataLocator": "sms_error_message",
            "inputField": "sms_field",
            "submitButton": "sms_submit_btn",
          }
        }
        destroyOnUnmount={true}
        enableReinitialize={false}
        fieldName="footerTopSmsSignup"
        fieldProps={
          Object {
            "normalize": [Function],
          }
        }
        forceUnregisterOnUnmount={false}
        form="FooterTopSmsSignUpForm"
        getFormState={[Function]}
        initialValues={
          Object {
            "footerTopSmsSignup": "",
            "isTextOptInSecondBrand": false,
          }
        }
        keepDirtyOnReinitialize={false}
        labels={
          Object {
            "lbl_SignUp_placeholderText": "",
            "lbl_SignUp_submitButtonLabel": "",
            "lbl_SignUp_termsTextLabel": "",
            "lbl_SignUp_validationErrorLabel": "",
          }
        }
        onFormSubmit={[Function]}
        openSuccessModal={[Function]}
        persistentSubmitErrors={false}
        pure={true}
        secondFieldName="isTextOptInSecondBrand"
        shouldAsyncValidate={[Function]}
        shouldError={[Function]}
        shouldValidate={[Function]}
        shouldWarn={[Function]}
        submitAsSideEffect={false}
        subscription={Object {}}
        touchOnBlur={true}
        touchOnChange={false}
        updateUnregisteredFields={false}
        validateForm={[Function]}
      />
      <Styled(BodyCopy)
        className={null}
        color="text.primary"
        component="p"
        fontFamily="secondary"
        fontSize={
          Array [
            "fs9",
            "fs9",
            "fs12",
          ]
        }
        fontWeight="regular"
        letterSpacing="normal"
        lineHeight="normal"
        link={null}
        textAlign="center"
      >
        <Styled(RichText)
          richTextHtml=""
        />
      </Styled(BodyCopy)>
    </Styled(Col)>
    <div
      className="divider hide-in-large-up"
    />
    <Styled(Col)
      className="refer_a_friend_desktop col-md-half-width"
      colSize={
        Object {
          "large": 4,
          "medium": 4,
          "small": 6,
        }
      }
      ignoreGutter={
        Object {
          "small": true,
        }
      }
    >
      <Styled(Grid)>
        <Styled(Row)
          className="flex-align-center"
          fullBleed={true}
        >
          <Styled(Col)
            className="col-md-half-width"
            colSize={
              Object {
                "large": 6,
                "medium": 4,
                "small": 7,
              }
            }
            ignoreGutter={
              Object {
                "small": true,
              }
            }
          >
            <Styled(BodyCopy)
              className="heading_text refer-a-friend"
              color="text.primary"
              component="h2"
              fontFamily="primary"
              fontSize="fs15"
              fontWeight="black"
              letterSpacing="normal"
              lineHeight="normal"
              link={null}
              textAlign="left"
            >
              <TextItems />
            </Styled(BodyCopy)>
          </Styled(Col)>
          <Styled(Col)
            className="candidate_a_inline_container_button col-md-half-width"
            colSize={
              Object {
                "large": 6,
                "medium": 4,
                "small": 6,
              }
            }
            ignoreGutter={
              Object {
                "small": false,
              }
            }
          >
            <Connect(Component)
              as={
                Object {
                  "$$typeof": Symbol(react.forward_ref),
                  "attrs": Array [],
                  "componentStyle": ComponentStyle {
                    "componentId": "sc-bwzfXH",
                    "isStatic": false,
                    "rules": Array [
                      "
  ",
                      "
  border: none;
  border-radius: 0;
  background: none;
  position: relative;
  cursor: ",
                      [Function],
                      ";
  opacity: ",
                      [Function],
                      ";
  text-transform: uppercase;
  min-height: 42px;
  letter-spacing: 0.93px;
  font-size: ",
                      [Function],
                      ";
  color: ",
                      [Function],
                      "
  ",
                      [Function],
                      "
  ",
                      [Function],
                      ";
  ",
                      [Function],
                      ";

  ",
                      [Function],
                      ";

  ",
                      [Function],
                      ";

  &:focus {
    background: ",
                      [Function],
                      ";
  }
  &:hover:not[disabled] {
    background: ",
                      [Function],
                      ";
  }

  ",
                      [Function],
                      ";

  ",
                      [Function],
                      ";

  ",
                      [Function],
                      ";

  ",
                      [Function],
                      "

  @media ",
                      [Function],
                      " {
    ",
                      [Function],
                      ";
    ",
                      [Function],
                      ";
  }
  ",
                      [Function],
                      "

  ",
                      [Function],
                      "
      ",
                      [Function],
                      ";
      ",
                      [Function],
                      ";

",
                      ";
",
                    ],
                  },
                  "displayName": "Styled(Button)",
                  "foldedComponentIds": Array [],
                  "render": [Function],
                  "styledComponentId": "sc-bwzfXH",
                  "target": [Function],
                  "toString": [Function],
                  "warnTooManyClasses": [Function],
                  "withComponent": [Function],
                }
              }
              buttonVariation="variable-width"
              className="refer_a_friend_button"
              clickData={
                Object {
                  "customEvents": Array [
                    "event22",
                    "event80",
                  ],
                  "pageName": "content:email confirmation",
                  "pageShortName": "content:referafriend  confirmation",
                }
              }
              data-locator="global_referfriend"
              id="extole_zone_global_footer"
              pageData={
                Object {
                  "pageShortName": "content:referafriend  confirmation",
                }
              }
            />
          </Styled(Col)>
        </Styled(Row)>
        <div
          className="divider hide-in-medium-down"
        />
        <Styled(Row)
          className="hide-in-medium-down"
          fullBleed={true}
        >
          <Styled(Col)
            className=""
            colSize={
              Object {
                "large": 12,
                "medium": 12,
                "small": 12,
              }
            }
            ignoreGutter={
              Object {
                "small": true,
              }
            }
          >
            <div
              className="divider hide-in-medium-up"
            />
            <Styled(SocialMediaLinks)
              className="footer_top_candidate_a_social_links"
            />
          </Styled(Col)>
        </Styled(Row)>
      </Styled(Grid)>
    </Styled(Col)>
    <div
      className="divider hide-in-medium-up"
    />
    <Styled(Col)
      className="hide-in-large-up refer_a_frient_last_colm col-md-half-width"
      colSize={
        Object {
          "large": 0,
          "medium": 4,
          "small": 12,
        }
      }
      ignoreGutter={
        Object {
          "small": true,
        }
      }
    >
      <Styled(SocialMediaLinks)
        className="social-media-links"
      />
    </Styled(Col)>
  </Styled(Row)>
</Styled(Grid)>
`;
