// Jest Snapshot v1, https://goo.gl/fbAQLP

exports[`Shipping Form should render correctly 1`] = `
<FormSection
  name="emailSignUp"
>
  <div>
    <Styled(BodyCopy)
      className={null}
      color="text.primary"
      component="p"
      dataLocator="email-signUp-heading"
      fontFamily="secondary"
      fontSize="fs16"
      fontWeight="bold"
      letterSpacing="normal"
      lineHeight="normal"
      link={null}
      textAlign="left"
    />
    <Styled(BodyCopy)
      className="email-signUp-subHeading"
      color="text.primary"
      component="p"
      dataLocator="email-signUp-subHeading"
      fontFamily="secondary"
      fontSize="fs14"
      fontWeight="regular"
      letterSpacing="normal"
      lineHeight="normal"
      link={null}
      textAlign="left"
    />
    <div
      className="email-checkbox-container"
    >
      <div
        className="email-checkbox-list"
      >
        <Field
          className="email-signup-tcp"
          component={
            Object {
              "$$typeof": Symbol(react.forward_ref),
              "attrs": Array [],
              "componentStyle": ComponentStyle {
                "componentId": "sc-bxivhb",
                "isStatic": false,
                "rules": Array [
                  "
  ",
                  "
  display: block;
  align-items: ",
                  [Function],
                  ";

  & .CheckBox__input {
    flex: 0 0 auto;
    position: relative;
    top: 0;
    appearance: none;
    outline: 0;
    border: 0;
    height: ",
                  "25px",
                  ";
    width: ",
                  "25px",
                  ";
    margin: 0;
    margin-right: ",
                  [Function],
                  ";
    display: inline-block;
    vertical-align: top;
  }

  & .CheckBox__input:before {
    content: '';
    position: absolute;
    height: 100%;
    width: 100%;
    left: 0;
    border: 1px solid ",
                  [Function],
                  ";
  }

  & .CheckBox__input:checked:before {
    background: ",
                  [Function],
                  ";
    border: 1px solid ",
                  [Function],
                  ";
  }

  & .CheckBox__input:checked:after {
    transform: rotate(225deg);
    content: '';
    border: 2px solid ",
                  [Function],
                  ";
    font-size: ",
                  [Function],
                  "px;
    width: ",
                  [Function],
                  ";
    height: 10px;
    border-right: 0;
    border-bottom: 0;
    left: 10px;
    top: 5px;
    position: absolute;
  }

  & .CheckBox__text {
    width: calc(100% - 45px);
    display: inline-block;
    ",
                  [Function],
                  "
  }

  & .CheckBox__text a {
    color: ",
                  [Function],
                  ";
  }

  & .disabled {
    opacity: ",
                  [Function],
                  ";
  }

  & .Checkbox__error {
    display: flex;
    flex-direction: row;
    padding-left: ",
                  [Function],
                  ";
  }
  & .warning-icon {
    background: transparent url('/static/images/circle-alert-fill.svg') no-repeat 0 0;
    background-size: contain;
    border: none;
    height: ",
                  [Function],
                  ";
    width: ",
                  [Function],
                  ";
    margin-right: 4px;
    margin-top: 2px;
  }
  & #checkbox__error__iAgree {
    margin-top: 4px;
  }
",
                  ";
",
                ],
              },
              "displayName": "Styled(InputCheckbox)",
              "foldedComponentIds": Array [],
              "render": [Function],
              "styledComponentId": "sc-bxivhb",
              "target": [Function],
              "toString": [Function],
              "warnTooManyClasses": [Function],
              "withComponent": [Function],
            }
          }
          dataLocator="signUp-checkbox-field"
          name="emailSignUp"
        >
          <Styled(BodyCopy)
            className={null}
            color="text.primary"
            component="p"
            dataLocator="pickup-email-signUp-heading-lbl"
            fontFamily="secondary"
            fontSize="fs16"
            fontWeight="regular"
            letterSpacing="normal"
            lineHeight="normal"
            link={null}
            textAlign="left"
          />
        </Field>
        <Field
          className="email-signup-gym"
          component={
            Object {
              "$$typeof": Symbol(react.forward_ref),
              "attrs": Array [],
              "componentStyle": ComponentStyle {
                "componentId": "sc-bxivhb",
                "isStatic": false,
                "rules": Array [
                  "
  ",
                  "
  display: block;
  align-items: ",
                  [Function],
                  ";

  & .CheckBox__input {
    flex: 0 0 auto;
    position: relative;
    top: 0;
    appearance: none;
    outline: 0;
    border: 0;
    height: ",
                  "25px",
                  ";
    width: ",
                  "25px",
                  ";
    margin: 0;
    margin-right: ",
                  [Function],
                  ";
    display: inline-block;
    vertical-align: top;
  }

  & .CheckBox__input:before {
    content: '';
    position: absolute;
    height: 100%;
    width: 100%;
    left: 0;
    border: 1px solid ",
                  [Function],
                  ";
  }

  & .CheckBox__input:checked:before {
    background: ",
                  [Function],
                  ";
    border: 1px solid ",
                  [Function],
                  ";
  }

  & .CheckBox__input:checked:after {
    transform: rotate(225deg);
    content: '';
    border: 2px solid ",
                  [Function],
                  ";
    font-size: ",
                  [Function],
                  "px;
    width: ",
                  [Function],
                  ";
    height: 10px;
    border-right: 0;
    border-bottom: 0;
    left: 10px;
    top: 5px;
    position: absolute;
  }

  & .CheckBox__text {
    width: calc(100% - 45px);
    display: inline-block;
    ",
                  [Function],
                  "
  }

  & .CheckBox__text a {
    color: ",
                  [Function],
                  ";
  }

  & .disabled {
    opacity: ",
                  [Function],
                  ";
  }

  & .Checkbox__error {
    display: flex;
    flex-direction: row;
    padding-left: ",
                  [Function],
                  ";
  }
  & .warning-icon {
    background: transparent url('/static/images/circle-alert-fill.svg') no-repeat 0 0;
    background-size: contain;
    border: none;
    height: ",
                  [Function],
                  ";
    width: ",
                  [Function],
                  ";
    margin-right: 4px;
    margin-top: 2px;
  }
  & #checkbox__error__iAgree {
    margin-top: 4px;
  }
",
                  ";
",
                ],
              },
              "displayName": "Styled(InputCheckbox)",
              "foldedComponentIds": Array [],
              "render": [Function],
              "styledComponentId": "sc-bxivhb",
              "target": [Function],
              "toString": [Function],
              "warnTooManyClasses": [Function],
              "withComponent": [Function],
            }
          }
          dataLocator="signUp-checkbox-field"
          name="emailSignUpGYM"
        >
          <Styled(BodyCopy)
            className={null}
            color="text.primary"
            component="p"
            dataLocator="pickup-email-signUp-heading-lbl"
            fontFamily="secondary"
            fontSize="fs16"
            fontWeight="regular"
            letterSpacing="normal"
            lineHeight="normal"
            link={null}
            textAlign="left"
          />
        </Field>
      </div>
      <div
        className="email-signup-text"
      >
        <Styled(RichText)
          className="email-signup-disclaimer_txt"
          fontFamily="secondary"
          fontSize="fs10"
          fontWeight="regular"
        />
      </div>
    </div>
  </div>
</FormSection>
`;
