// Jest Snapshot v1, https://goo.gl/fbAQLP

exports[`BundleProductDetail should render correctly 1`] = `
<Styled(BodyCopy)
  accessibilityText=""
  color="gray.900"
  dataLocator="pdp_product_badges"
  fontSize="fs14"
  fontWeight="semibold"
  margin="12px 0 0 0"
  mobileFontFamily="secondary"
  numberOfLines={null}
  text="Loading..."
  textAlign="center"
  textDecoration={null}
/>
`;
