// Jest Snapshot v1, https://goo.gl/fbAQLP

exports[`Create Account Page should render correctly 1`] = `
<div
  className=""
>
  <div
    className="parent-wrapper"
  >
    <Styled(CreateAccountTopSection)
      labels={
        Object {
          "lbl_createAccount_hide": "hide",
          "registration": Object {},
        }
      }
      showForgotPasswordForm={[Function]}
    />
    <div
      className="elem-pl-LRG elem-pr-LRG elem-pt-LRG"
    >
      <Styled(BodyCopy)
        className={null}
        color="error"
        component="p"
        fontFamily={
          Array [
            "secondary",
          ]
        }
        fontSize="fs12"
        fontWeight="semibold"
        letterSpacing="normal"
        lineHeight="normal"
        textAlign="left"
      >
        <Component />
      </Styled(BodyCopy)>
    </div>
    <Styled(ReduxForm)
      className=""
      confirmHideShowPwd={false}
      destroyOnUnmount={true}
      enableReinitialize={true}
      forceUnregisterOnUnmount={false}
      form="CreateAccountForm"
      getFormState={[Function]}
      hideShowPwd={false}
      initialValues={
        Object {
          "rememberMe": true,
        }
      }
      isIAgreeChecked={false}
      keepDirtyOnReinitialize={false}
      labels={
        Object {
          "lbl_createAccount_hide": "hide",
          "registration": Object {},
        }
      }
      onAlreadyHaveAnAccountClick={[Function]}
      onSubmit={[Function]}
      persistentSubmitErrors={false}
      pure={true}
      shouldAsyncValidate={[Function]}
      shouldError={[Function]}
      shouldValidate={[Function]}
      shouldWarn={[Function]}
      submitAsSideEffect={false}
      tooltipContent={<PasswordRequirement />}
      touchOnBlur={true}
      touchOnChange={false}
      updateUnregisteredFields={false}
      validate={[Function]}
    />
  </div>
</div>
`;
