// Jest Snapshot v1, https://goo.gl/fbAQLP

exports[`Order Billing Details component should renders correctly 1`] = `
<StyledComponent
  className=""
  forwardedComponent={
    Object {
      "$$typeof": Symbol(react.forward_ref),
      "attrs": Array [],
      "componentStyle": ComponentStyle {
        "componentId": "sc-VigVT",
        "isStatic": false,
        "rules": Array [
          "
  ",
          "
  .card-details {
    display: flex;
    align-items: center;
    margin: ",
          [Function],
          " 0;
  }
",
          ";
",
        ],
      },
      "displayName": "Styled(OrderBillingDetails)",
      "foldedComponentIds": Array [],
      "render": [Function],
      "styledComponentId": "sc-VigVT",
      "target": [Function],
      "toString": [Function],
      "warnTooManyClasses": [Function],
      "withComponent": [Function],
    }
  }
  forwardedRef={null}
  orderDetailsData={
    Object {
      "checkout": Object {
        "billing": Object {
          "card": Object {
            "VISA": "***************1211",
          },
        },
      },
    }
  }
  ordersLabels={Object {}}
/>
`;
