// Jest Snapshot v1, https://goo.gl/fbAQLP

exports[`FilterModal is shown should render FilterModal when show is false 1`] = `
<Styled(View)>
  <Styled(FilterButtons)
    labelsFilter={Object {}}
    onPressFilter={[Function]}
    onPressSort={[Function]}
    props={Object {}}
    selected={false}
  />
  <Component
    animationType="slide"
    hardwareAccelerated={false}
    transparent={true}
    visible={false}
  >
    <Styled(SafeAreaView)>
      <Styled(TouchableWithoutFeedback)
        accessibilityRole="button"
        activeOpacity={1}
        onPressOut={[Function]}
      >
        <Styled(View) />
      </Styled(TouchableWithoutFeedback)>
      <Styled(View)>
        <Styled(View)>
          <Styled(Text) />
          <Styled(TouchableOpacity)
            accessibilityLabel="Close button"
            accessibilityRole="button"
            isButton={true}
            onPress={[Function]}
          >
            <Styled(CustomIcon)
              accessibilityLabel=""
              color="gray.900"
              dataLocator=""
              iconFontName="FontAwesome"
              isButton={false}
              isDisabled={false}
              margins={null}
              name="close"
              onPress={[Function]}
              size="fs20"
            />
          </Styled(TouchableOpacity)>
        </Styled(View)>
        <Styled(WithTheme(Filters))
          filters={Object {}}
          labelsFilter={Object {}}
          name="filters"
          onSubmit={[Function]}
        />
      </Styled(View)>
    </Styled(SafeAreaView)>
  </Component>
</Styled(View)>
`;
