// Jest Snapshot v1, https://goo.gl/fbAQLP

exports[`HelpCenterHeader component HelpCenterHeader component renders correctly without props 1`] = `<Styled(View) />`;
