// Jest Snapshot v1, https://goo.gl/fbAQLP

exports[`TrackOrderModal component should renders correctly 1`] = `
<ModalNative
  fontSize="fs22"
  headerStyle={
    Object {
      "width": "100%",
    }
  }
  headingAlign="center"
  headingFontFamily="secondary"
  horizontalBar={false}
  isOpen={true}
  onRequestClose={[Function]}
>
  <SafeAreaView>
    <TrackOrderView
      errorMessage={null}
      handleToggle={[MockFunction]}
      labels={
        Object {
          "trackOrder": Object {},
        }
      }
      onChangeForm={[MockFunction]}
      onSubmit={[MockFunction]}
      setModalMountState={[MockFunction]}
      showNotification="error"
    />
  </SafeAreaView>
</ModalNative>
`;
