// Jest Snapshot v1, https://goo.gl/fbAQLP

exports[`CouponCard Component CouponCard should render correctly 1`] = `
<div>
  <div
    className="couponCard__container "
  >
    <Styled(ErrorMessage)
      error=""
    />
    <div
      className="couponCard__container_main"
    >
      <div
        className="couponCard__header"
      >
        <div
          className="couponCard__header_saving"
        >
          <Styled(BodyCopy)
            className="couponCard__header_text"
            color="text.primary"
            component="p"
            data-locator="available_PublicValidityLbl"
            fontFamily="secondary"
            fontSize="fs12"
            fontWeight="regular"
            letterSpacing="normal"
            lineHeight="normal"
            link={null}
            textAlign="left"
          />
        </div>
        <Styled(BodyCopy)
          className="couponCard__header_expired"
          color="text.primary"
          component="p"
          data-locator="coupon_available_header_expired"
          fontFamily="secondary"
          fontSize="fs12"
          fontWeight="regular"
          letterSpacing="normal"
          lineHeight="normal"
          link={null}
          textAlign="left"
        />
      </div>
      <div
        className="couponCard__body"
      >
        <div
          className="couponCard__row"
        >
          <div
            className="couponCard__col"
          >
            <Styled(BodyCopy)
              className={null}
              color="text.primary"
              component="div"
              fontFamily="primary"
              fontSize={12}
              fontWeight="regular"
              letterSpacing="normal"
              lineHeight="normal"
              link={null}
              textAlign="left"
            >
              <Styled(BodyCopy)
                className="couponTitle"
                color="text.primary"
                component="p"
                data-locator="coupon_available_couponNameLbl"
                fontFamily="secondary"
                fontSize="fs12"
                fontWeight="black"
                letterSpacing="normal"
                lineHeight="lh115"
                link={null}
                textAlign="left"
              >
                $10 OFF On $50
              </Styled(BodyCopy)>
              <Styled(BodyCopy)
                className="couponCard__text_style"
                color="text.primary"
                component="p"
                data-locator="coupon_available_cartUseByValidity"
                fontFamily="secondary"
                fontSize="fs10"
                fontWeight="regular"
                letterSpacing="normal"
                lineHeight="normal"
                link={null}
                textAlign="left"
              >
                Use by 8/10/19
              </Styled(BodyCopy)>
            </Styled(BodyCopy)>
            <Styled(Anchor)
              anchorVariation="primary"
              className="cartDetailsLink"
              dataLocator="coupon_available_cartDetailsLink"
              fontSize="fs10"
              fontSizeVariation="small"
              onClick={[Function]}
              to="/#"
              underline={true}
            />
          </div>
          <div
            className="couponCard__col"
          >
            <Styled(Button)
              buttonVariation="variable-width"
              className="coupon__button_black"
              data-locator="coupon_available_apply_cartCta"
              fullWidth="true"
              onClick={[Function]}
              type="submit"
            >
              APPLY
            </Styled(Button)>
          </div>
        </div>
      </div>
    </div>
  </div>
</div>
`;
