// Jest Snapshot v1, https://goo.gl/fbAQLP

exports[`MyWallet Container should render MyWallet Correctly 1`] = `ShallowWrapper {}`;
