// Jest Snapshot v1, https://goo.gl/fbAQLP

exports[`Delete card Modal should render correctly 1`] = `
<errorBoundaryComponent
  className="TCPModal__Content, undefined"
  fixedWidth={true}
  heading="DELETE ADDRESS"
  maxWidth="690px"
  minHeight="340px"
  onRequestClose={[Function]}
  overlayClassName="TCPModal__Overlay"
>
  <div>
    <Styled(CreditCardModalInfo)
      TotalExp="undefined/undefined "
      address={null}
      data={
        Object {
          "buttons": Object {
            "cancel": "No, Dont Cancel",
            "confirm": "Yes Delete",
          },
          "cardText": Object {
            "cardEnd": "Card ending in ",
            "expire": " Expire on ",
          },
          "description": Object {
            "addressLine": Array [
              "addressline 1",
              "addressline 2",
            ],
            "firstName": "test",
            "lastName": "test",
          },
          "heading": "DELETE ADDRESS",
          "title": "Are you sure you want to delete this address?",
        }
      }
      getAccNumbr="ined"
      isCreditCard={true}
    />
    <div
      className="deleteCardModal__btnWrapper"
    >
      <Styled(Button)
        buttonVariation="variable-width"
        className="deleteCardModal__deleteConfirm deleteCardModal__btn"
        fill="BLUE"
        onClick={[Function]}
      >
        Yes Delete
      </Styled(Button)>
      <Styled(Button)
        buttonVariation="variable-width"
        className="deleteCardModal__btn deleteCardModal__deleteCancel"
        fill="RED"
        onClick={[Function]}
      >
        No, Dont Cancel
      </Styled(Button)>
    </div>
  </div>
</errorBoundaryComponent>
`;
