// Jest Snapshot v1, https://goo.gl/fbAQLP

exports[`OutfitCarouselModule component should default variant correctly 1`] = `
<div
  className=""
>
  <ForwardRef
    className="heading"
    color="text.primary"
    component="p"
    fontFamily="primary"
    fontSize={
      Array [
        "fs16",
        "fs16",
        "fs28",
      ]
    }
    fontWeight="black"
    letterSpacing="normal"
    lineHeight="normal"
    link={null}
    textAlign="left"
  >
    Daffodil garden
  </ForwardRef>
  <ForwardRef
    className="subheading"
    color="text.primary"
    component="p"
    fontFamily="primary"
    fontSize={
      Array [
        "fs15",
        "fs15",
        "fs22",
      ]
    }
    fontWeight="regular"
    letterSpacing="normal"
    lineHeight="normal"
    link={null}
    textAlign="left"
  >
    Build her head-to-toe party outfit sprinkled with all the extra-sweet details!
  </ForwardRef>
  <ForwardRef
    carouselConfig={
      Object {
        "autoplay": false,
        "customArrowLeft": "/static/images/right-carousel-carrot.svg",
        "customArrowRight": "/static/images/right-carousel-carrot.svg",
      }
    }
    options={
      Object {
        "arrows": true,
        "autoplay": false,
        "centerMode": false,
        "dots": false,
        "fade": false,
        "infinite": false,
        "lazyLoad": false,
        "responsive": Array [
          Object {
            "breakpoint": 767,
            "settings": Object {
              "arrows": true,
              "slidesToShow": 2,
              "swipeToSlide": true,
            },
          },
          Object {
            "breakpoint": 1199,
            "settings": Object {
              "arrows": true,
              "slidesToShow": 4,
              "swipeToSlide": true,
            },
          },
        ],
        "slidesToScroll": 1,
        "slidesToShow": 4,
        "speed": 1000,
        "swipe": true,
      }
    }
  >
    <div>
      <ForwardRef
        asPath="http://image1.sm/url"
        className="image-link"
        dataLocator="dummy-datalocator"
        to="http://image1.sm/url"
      >
        <ForwardRef
          className=" carousel-image"
          imgData={
            Object {
              "alt": "Tropical blush",
              "url": "http://image1.sm/url",
            }
          }
        />
      </ForwardRef>
      <ForwardRef
        asPath="/node/product/<uuid>"
        className="image-link"
        dataLocator="dummy-datalocator"
        fontSizeVariation="small"
        to="/node/product/<uuid>"
      >
        Tropical blush &gt;
      </ForwardRef>
    </div>
    <div>
      <ForwardRef
        asPath="http://image1.sm/url"
        className="image-link"
        dataLocator="dummy-datalocator"
        to="http://image1.sm/url"
      >
        <ForwardRef
          className=" carousel-image"
          imgData={
            Object {
              "alt": "Tropical blush",
              "url": "http://image1.sm/url",
            }
          }
        />
      </ForwardRef>
      <ForwardRef
        asPath="/node/product/<uuid>"
        className="image-link"
        dataLocator="dummy-datalocator"
        fontSizeVariation="small"
        to="/node/product/<uuid>"
      >
        Tropical blush &gt;
      </ForwardRef>
    </div>
    <div>
      <ForwardRef
        asPath="http://image1.sm/url"
        className="image-link"
        dataLocator="dummy-datalocator"
        to="http://image1.sm/url"
      >
        <ForwardRef
          className=" carousel-image"
          imgData={
            Object {
              "alt": "Tropical blush",
              "url": "http://image1.sm/url",
            }
          }
        />
      </ForwardRef>
      <ForwardRef
        asPath="/node/product/<uuid>"
        className="image-link"
        dataLocator="dummy-datalocator"
        fontSizeVariation="small"
        to="/node/product/<uuid>"
      >
        Tropical blush &gt;
      </ForwardRef>
    </div>
    <div>
      <ForwardRef
        asPath="http://image1.sm/url"
        className="image-link"
        dataLocator="dummy-datalocator"
        to="http://image1.sm/url"
      >
        <ForwardRef
          className=" carousel-image"
          imgData={
            Object {
              "alt": "Tropical blush",
              "url": "http://image1.sm/url",
            }
          }
        />
      </ForwardRef>
      <ForwardRef
        asPath="/node/product/<uuid>"
        className="image-link"
        dataLocator="dummy-datalocator"
        fontSizeVariation="small"
        to="/node/product/<uuid>"
      >
        Tropical blush &gt;
      </ForwardRef>
    </div>
  </ForwardRef>
</div>
`;
