// Jest Snapshot v1, https://goo.gl/fbAQLP

exports[`CartItemRadioButtons Component LabeledRadioButton should render correctly 1`] = `
<label
  className=""
  htmlFor="_2"
  isChecked={true}
>
  <div
    className="radio-button-checked"
  >
    <input
      checked={true}
      className={null}
      disabled={false}
      id="_2"
      name=""
      type="radio"
    />
  </div>
</label>
`;
