// Jest Snapshot v1, https://goo.gl/fbAQLP

exports[`Toast render should render correctly 1`] = `
<ToastView
  errorMessage="errormessage"
  positionValue={1}
  toastMessageReset={[MockFunction]}
/>
`;
